{"timestamp": "2026-04-12T15:48:00.938440+00:00", "task_type": "send_email", "original_input": "string email", "status": "success"}
{"timestamp": "2026-04-12T15:49:28.569933+00:00", "task_type": "generate_report", "original_input": "send weekly report", "status": "success"}
{"timestamp": "2026-04-12T15:50:32.265883+00:00", "task_type": "send_email", "original_input": "email", "status": "success"}
{"timestamp": "2026-04-12T18:58:12.918558+00:00", "task_type": "unknown", "original_input": "test audit db", "status": "success"}
{"timestamp": "2026-04-12T19:07:34.090128+00:00", "task_type": "send_email", "original_input": "get email daily", "status": "success"}
{"timestamp": "2026-04-12T20:10:32.723138+00:00", "task_type": "unknown", "original_input": "string", "status": "success"}
{"timestamp": "2026-04-12T20:13:32.653950+00:00", "task_type": "generate_report", "original_input": "send a daily report", "status": "success"}
{"timestamp": "2026-04-12T20:35:57.739182+00:00", "task_type": "generate_report", "original_input": "send a daily report", "status": "success"}
{"timestamp": "2026-04-12T20:50:41.254799+00:00", "task_type": "send_email", "original_input": "send email", "status": "success"}
{"timestamp": "2026-04-13T01:10:54.635178+00:00", "task_type": "send_email", "original_input": "send mail", "status": "success"}
{"timestamp": "2026-04-13T13:14:52.186936+00:00", "task_type": "auth_failure", "original_input": "role_violation", "status": "forbidden"}
{"timestamp": "2026-04-13T13:17:38.346194+00:00", "task_type": "auth_failure", "original_input": "role_violation", "status": "forbidden"}
{"timestamp": "2026-04-13T13:29:27.102586+00:00", "task_type": "send_email", "original_input": "end weekly email", "status": "success"}
{"timestamp": "2026-04-13T13:29:38.983326+00:00", "task_type": "send_email", "original_input": "send weekly email", "status": "success"}
{"timestamp": "2026-04-13T13:30:10.944219+00:00", "task_type": "auth_failure", "original_input": "role_violation", "status": "forbidden"}
{"timestamp": "2026-04-13T13:32:06.964988+00:00", "task_type": "send_email", "original_input": "weekly email", "status": "success"}
{"timestamp": "2026-04-17T22:21:36.046705+00:00", "task_type": null, "original_input": null, "status": "completed"}
{"timestamp": "2026-04-17T22:28:12.480519+00:00", "task_type": "execution", "original_input": "N/A", "status": "completed"}
{"timestamp": "2026-04-21T23:54:26.054255+00:00", "task_type": "execution", "original_input": "N/A", "status": "completed"}
{"timestamp": "2026-04-22T18:30:10.137004+00:00", "task_type": "execution", "original_input": "N/A", "status": "completed"}
{"timestamp": "2026-04-22T18:30:22.529544+00:00", "task_type": "execution", "original_input": "N/A", "status": "completed"}
{"timestamp": "2026-04-22T18:30:37.308782+00:00", "task_type": "execution", "original_input": "N/A", "status": "completed"}
{"timestamp": "2026-04-24T18:48:49.258533+00:00", "task_type": "execution", "original_input": "N/A", "status": "completed"}
{"timestamp": "2026-04-24T18:55:15.733860+00:00", "task_type": "execution", "original_input": "N/A", "status": "completed"}
{"timestamp": "2026-04-24T19:00:19.556345+00:00", "task_type": "execution", "original_input": "N/A", "status": "completed"}
{"timestamp": "2026-04-25T13:38:36.971372+00:00", "task_type": "execution", "original_input": "N/A", "status": "completed"}
{"timestamp": "2026-04-25T13:48:30.587300+00:00", "task_type": "execution", "original_input": "N/A", "status": "completed"}
{"timestamp": "2026-04-25T13:55:15.917923+00:00", "task_type": "execution", "original_input": "N/A", "status": "completed"}
{"timestamp": "2026-04-25T13:57:02.795609+00:00", "task_type": "execution", "original_input": "N/A", "status": "completed"}
